
> halfpast@0.1.0 build
> tsc -b && vite build

[36mvite v5.4.21 [32mbuilding for production...[36m[39m
transforming...
[32m✓[39m 874 modules transformed.
rendering chunks...
computing gzip size...
[2mdist/[22m[32mindex.html                          [39m[1m[2m    0.85 kB[22m[1m[22m[2m │ gzip:   0.41 kB[22m
[2mdist/[22m[35massets/index-GyQ1ymdf.css           [39m[1m[2m   41.48 kB[22m[1m[22m[2m │ gzip:   8.11 kB[22m
[2mdist/[22m[36massets/web-ClSpEYKl.js              [39m[1m[2m    0.36 kB[22m[1m[22m[2m │ gzip:   0.25 kB[22m
[2mdist/[22m[36massets/web-By0Y6wBC.js              [39m[1m[2m    4.59 kB[22m[1m[22m[2m │ gzip:   1.37 kB[22m
[2mdist/[22m[36massets/web-DqiE7qD1.js              [39m[1m[2m    8.73 kB[22m[1m[22m[2m │ gzip:   2.97 kB[22m
[2mdist/[22m[36massets/purify.es-DP5U8-sc.js        [39m[1m[2m   29.17 kB[22m[1m[22m[2m │ gzip:  10.99 kB[22m
[2mdist/[22m[36massets/index.es-CBETznB6.js         [39m[1m[2m  151.01 kB[22m[1m[22m[2m │ gzip:  51.65 kB[22m
[2mdist/[22m[36massets/html2canvas.esm-CBrSDip1.js  [39m[1m[2m  201.42 kB[22m[1m[22m[2m │ gzip:  48.03 kB[22m
[2mdist/[22m[36massets/index-D37CH-vO.js            [39m[1m[33m1,023.98 kB[39m[22m[2m │ gzip: 318.60 kB[22m
[33m
(!) Some chunks are larger than 500 kB after minification. Consider:
- Using dynamic import() to code-split the application
- Use build.rollupOptions.output.manualChunks to improve chunking: https://rollupjs.org/configuration-options/#output-manualchunks
- Adjust chunk size limit for this warning via build.chunkSizeWarningLimit.[39m
[32m✓ built in 10.43s[39m

> halfpast@0.1.0 test
> playwright test


Running 30 tests using 2 workers

  ✓   1 [rules] › tests\unit\recommend.spec.ts:75:1 › ranks on goal overlap and carries the goal reason when no rule fires (34ms)
  ✓   2 [rules] › tests\unit\recommend.spec.ts:82:1 › never recommends a peptide, whatever the tags say (26ms)
  ✓   3 [rules] › tests\unit\recommend.spec.ts:87:1 › drops what they already take and says so (18ms)
  ✓   5 [rules] › tests\unit\recommend.spec.ts:102:1 › no meat puts B12 first even with no goal match at all (10ms)
  ✓   4 [rules] › tests\unit\recommend.spec.ts:93:1 › an empty answer is the same as no preference (44ms)
  ✓   6 [rules] › tests\unit\recommend.spec.ts:112:1 › no meat raises iron to 1.8× and says why on the card (12ms)
  ✓   7 [rules] › tests\unit\recommend.spec.ts:120:1 › no meat raises zinc (10ms)
  ✓   9 [rules] › tests\unit\recommend.spec.ts:132:1 › no eggs raises choline (6ms)
  ✓   8 [rules] › tests\unit\recommend.spec.ts:126:1 › no dairy raises calcium and vitamin D (42ms)
  ✓  11 [rules] › tests\unit\recommend.spec.ts:147:1 › no fish with nothing but fish oil leaves it out and reports it (7ms)
  ✓  10 [rules] › tests\unit\recommend.spec.ts:138:1 › no fish swaps the fish oil for the algal one rather than warning about it (13ms)
  ✓  12 [rules] › tests\unit\recommend.spec.ts:166:1 › iron that upset them routes to the bisglycinate (12ms)
  ✓  13 [rules] › tests\unit\recommend.spec.ts:153:1 › vegan fires every diet rule at once without duplicating a product (21ms)
  ✓  14 [rules] › tests\unit\recommend.spec.ts:176:1 › a reaction with no alternative keeps the nutrient and says so (7ms)
  ✓  15 [rules] › tests\unit\recommend.spec.ts:184:1 › magnesium that loosened them routes to the glycinate and leaves the threonate alone (13ms)
  ✓  16 [rules] › tests\unit\recommend.spec.ts:196:1 › fish oil that repeats routes to the algal one, with food (9ms)
  ✓  17 [rules] › tests\unit\recommend.spec.ts:205:1 › a louder rule never buries the sentence that explains the figure (6ms)
  ✓  19 [rules] › tests\unit\recommend.spec.ts:225:1 › a card never says the same thing twice (4ms)
  ✓  18 [rules] › tests\unit\recommend.spec.ts:217:1 › a louder rule never buries the sentence that explains the with-food chip (9ms)
  ✓  20 [rules] › tests\unit\recommend.spec.ts:231:1 › niacin flush routes to niacinamide, and the two forms stay distinguishable (9ms)
  ✓  21 [rules] › tests\unit\recommend.spec.ts:238:1 › zinc nausea moves the timing and never removes the zinc (5ms)
  ✓  22 [rules] › tests\unit\recommend.spec.ts:245:1 › capsules being hard to swallow ranks powders and liquids above them (7ms)
  ✓  23 [rules] › tests\unit\recommend.spec.ts:253:1 › the swallowing problem beats a stated preference for capsules (5ms)
  ✓  24 [rules] › tests\unit\recommend.spec.ts:263:1 › a form preference re-ranks but never drops anything (5ms)
  ✓  25 [rules] › tests\unit\recommend.spec.ts:270:1 › a form preference is worth less than a goal match (3ms)
  ✓  26 [rules] › tests\unit\recommend.spec.ts:278:1 › a softgel is a softgel and not a capsule (6ms)
  ✓  28 [iphone-width] › tests\e2e\boot.spec.ts:7:1 › boots to the welcome screen (1.3s)
  ✓  27 [iphone-width] › tests\e2e\discover.spec.ts:9:1 › renders Discover with the catalogue (2.0s)
  ✓  30 [iphone-width] › tests\e2e\today.spec.ts:9:1 › renders Today with the day materialised (1.4s)
  ✓  29 [iphone-width] › tests\e2e\onboarding.spec.ts:9:1 › completes onboarding and lands on the app (17.3s)

  30 passed (28.4s)
