
> halfpast@0.1.0 build
> tsc -b && vite build

[36mvite v5.4.21 [32mbuilding for production...[36m[39m
transforming...
[32m✓[39m 875 modules transformed.
rendering chunks...
computing gzip size...
[2mdist/[22m[32mindex.html                          [39m[1m[2m    0.85 kB[22m[1m[22m[2m │ gzip:   0.42 kB[22m
[2mdist/[22m[35massets/index-C17y7qkO.css           [39m[1m[2m   42.06 kB[22m[1m[22m[2m │ gzip:   8.19 kB[22m
[2mdist/[22m[36massets/web-Bb4Mgomw.js              [39m[1m[2m    0.36 kB[22m[1m[22m[2m │ gzip:   0.25 kB[22m
[2mdist/[22m[36massets/web-rRh8d9K4.js              [39m[1m[2m    4.59 kB[22m[1m[22m[2m │ gzip:   1.36 kB[22m
[2mdist/[22m[36massets/web-DSPKQbYe.js              [39m[1m[2m    8.73 kB[22m[1m[22m[2m │ gzip:   2.97 kB[22m
[2mdist/[22m[36massets/purify.es-DP5U8-sc.js        [39m[1m[2m   29.17 kB[22m[1m[22m[2m │ gzip:  10.99 kB[22m
[2mdist/[22m[36massets/index.es-BrLw1Cd7.js         [39m[1m[2m  151.01 kB[22m[1m[22m[2m │ gzip:  51.65 kB[22m
[2mdist/[22m[36massets/html2canvas.esm-CBrSDip1.js  [39m[1m[2m  201.42 kB[22m[1m[22m[2m │ gzip:  48.03 kB[22m
[2mdist/[22m[36massets/index-BMrXGTNx.js            [39m[1m[33m1,026.04 kB[39m[22m[2m │ gzip: 319.51 kB[22m
[33m
(!) Some chunks are larger than 500 kB after minification. Consider:
- Using dynamic import() to code-split the application
- Use build.rollupOptions.output.manualChunks to improve chunking: https://rollupjs.org/configuration-options/#output-manualchunks
- Adjust chunk size limit for this warning via build.chunkSizeWarningLimit.[39m
[32m✓ built in 8.66s[39m

> halfpast@0.1.0 test
> playwright test


Running 50 tests using 2 workers

  ✓   1 [rules] › tests\unit\intake.spec.ts:76:1 › picks the sex-specific row, then the any row, then the adult band (29ms)
  ✓   3 [rules] › tests\unit\intake.spec.ts:94:1 › renders both iron figures for a woman under 51 rather than picking one (15ms)
  ✓   2 [rules] › tests\unit\intake.spec.ts:85:1 › leaves every nutrient that is not iron alone (27ms)
  ✓   4 [rules] › tests\unit\intake.spec.ts:101:1 › renders both figures at 46, which is where the age proxy was wrong (8ms)
  ✓   5 [rules] › tests\unit\intake.spec.ts:107:1 › an unstated age still gets both figures (8ms)
  ✓   6 [rules] › tests\unit\intake.spec.ts:113:1 › prefer-not-to-say on sex gets both figures rather than no figure at all (6ms)
  ✓   7 [rules] › tests\unit\intake.spec.ts:124:1 › an answer of yes gives the single 18 mg figure (7ms)
  ✓   8 [rules] › tests\unit\intake.spec.ts:130:1 › an answer of no gives the single 8 mg figure (5ms)
  ✓   9 [rules] › tests\unit\intake.spec.ts:136:1 › the answer beats the age proxy at 51 and over (6ms)
  ✓  10 [rules] › tests\unit\intake.spec.ts:142:1 › unanswered at 51 and over leaves the published figure alone (4ms)
  ✓  12 [rules] › tests\unit\intake.spec.ts:155:1 › offers the question to women and to unstated sex, at any adult age (10ms)
  ✓  11 [rules] › tests\unit\intake.spec.ts:148:1 › never defaults to 18 for anyone the question was not put to (8ms)
  ✓  13 [rules] › tests\unit\intake.spec.ts:163:1 › does not put the question to 13-18 year olds (5ms)
  ✓  14 [rules] › tests\unit\intake.spec.ts:172:1 › recognises iron by any of its forms, not just the bisglycinate (4ms)
  ✓  15 [rules] › tests\unit\intake.spec.ts:176:1 › invents no pair when the catalogue has only one of the two rows (4ms)
  ✓  16 [rules] › tests\unit\intake.spec.ts:185:1 › says it depends, in the sentence the spec asks for (9ms)
  ✓  17 [rules] › tests\unit\intake.spec.ts:193:1 › drops back to one figure once it has been told (7ms)
  ✓  18 [rules] › tests\unit\intake.spec.ts:199:1 › says nothing where nothing is established (5ms)
  ✓  19 [rules] › tests\unit\intake.spec.ts:205:1 › leaves the upper limit off when there is not one (5ms)
  ✓  20 [rules] › tests\unit\recommend.spec.ts:75:1 › ranks on goal overlap and carries the goal reason when no rule fires (6ms)
  ✓  21 [rules] › tests\unit\recommend.spec.ts:82:1 › never recommends a peptide, whatever the tags say (6ms)
  ✓  22 [rules] › tests\unit\recommend.spec.ts:87:1 › drops what they already take and says so (6ms)
  ✓  23 [rules] › tests\unit\recommend.spec.ts:93:1 › an empty answer is the same as no preference (25ms)
  ✓  24 [rules] › tests\unit\recommend.spec.ts:102:1 › no meat puts B12 first even with no goal match at all (8ms)
  ✓  25 [rules] › tests\unit\recommend.spec.ts:112:1 › no meat raises iron to 1.8× and says why on the card (8ms)
  ✓  26 [rules] › tests\unit\recommend.spec.ts:120:1 › no meat raises zinc (11ms)
  ✓  27 [rules] › tests\unit\recommend.spec.ts:126:1 › no dairy raises calcium and vitamin D (7ms)
  ✓  28 [rules] › tests\unit\recommend.spec.ts:132:1 › no eggs raises choline (3ms)
  ✓  30 [rules] › tests\unit\recommend.spec.ts:147:1 › no fish with nothing but fish oil leaves it out and reports it (4ms)
  ✓  29 [rules] › tests\unit\recommend.spec.ts:138:1 › no fish swaps the fish oil for the algal one rather than warning about it (7ms)
  ✓  32 [rules] › tests\unit\recommend.spec.ts:166:1 › iron that upset them routes to the bisglycinate (6ms)
  ✓  33 [rules] › tests\unit\recommend.spec.ts:176:1 › a reaction with no alternative keeps the nutrient and says so (7ms)
  ✓  31 [rules] › tests\unit\recommend.spec.ts:153:1 › vegan fires every diet rule at once without duplicating a product (38ms)
  ✓  34 [rules] › tests\unit\recommend.spec.ts:184:1 › magnesium that loosened them routes to the glycinate and leaves the threonate alone (5ms)
  ✓  35 [rules] › tests\unit\recommend.spec.ts:196:1 › fish oil that repeats routes to the algal one, with food (4ms)
  ✓  36 [rules] › tests\unit\recommend.spec.ts:205:1 › a louder rule never buries the sentence that explains the figure (4ms)
  ✓  37 [rules] › tests\unit\recommend.spec.ts:217:1 › a louder rule never buries the sentence that explains the with-food chip (5ms)
  ✓  38 [rules] › tests\unit\recommend.spec.ts:225:1 › a card never says the same thing twice (3ms)
  ✓  39 [rules] › tests\unit\recommend.spec.ts:231:1 › niacin flush routes to niacinamide, and the two forms stay distinguishable (6ms)
  ✓  40 [rules] › tests\unit\recommend.spec.ts:238:1 › zinc nausea moves the timing and never removes the zinc (4ms)
  ✓  41 [rules] › tests\unit\recommend.spec.ts:245:1 › capsules being hard to swallow ranks powders and liquids above them (4ms)
  ✓  42 [rules] › tests\unit\recommend.spec.ts:253:1 › the swallowing problem beats a stated preference for capsules (3ms)
  ✓  44 [rules] › tests\unit\recommend.spec.ts:270:1 › a form preference is worth less than a goal match (2ms)
  ✓  43 [rules] › tests\unit\recommend.spec.ts:263:1 › a form preference re-ranks but never drops anything (4ms)
  ✓  45 [rules] › tests\unit\recommend.spec.ts:278:1 › a softgel is a softgel and not a capsule (7ms)
  ✓  46 [iphone-width] › tests\e2e\boot.spec.ts:7:1 › boots to the welcome screen (1.2s)
  ✓  47 [iphone-width] › tests\e2e\discover.spec.ts:9:1 › renders Discover with the catalogue (1.8s)
  ✓  48 [iphone-width] › tests\e2e\discover.spec.ts:36:1 › says the iron figure depends, and takes the answer (2.4s)
  ✓  50 [iphone-width] › tests\e2e\today.spec.ts:9:1 › renders Today with the day materialised (1.3s)
  ✓  49 [iphone-width] › tests\e2e\onboarding.spec.ts:9:1 › completes onboarding and lands on the app (17.3s)

  50 passed (28.6s)
