
> halfpast@0.1.0 build
> tsc -b && vite build

[36mvite v5.4.21 [32mbuilding for production...[36m[39m
transforming...
[32m✓[39m 875 modules transformed.
rendering chunks...
computing gzip size...
[2mdist/[22m[32mindex.html                          [39m[1m[2m    0.85 kB[22m[1m[22m[2m │ gzip:   0.42 kB[22m
[2mdist/[22m[35massets/index-BlsPI4Tv.css           [39m[1m[2m   42.05 kB[22m[1m[22m[2m │ gzip:   8.19 kB[22m
[2mdist/[22m[36massets/web-Cc2RotUM.js              [39m[1m[2m    0.36 kB[22m[1m[22m[2m │ gzip:   0.25 kB[22m
[2mdist/[22m[36massets/web-yCHuul4j.js              [39m[1m[2m    4.59 kB[22m[1m[22m[2m │ gzip:   1.36 kB[22m
[2mdist/[22m[36massets/web-BKrNzD2r.js              [39m[1m[2m    8.73 kB[22m[1m[22m[2m │ gzip:   2.97 kB[22m
[2mdist/[22m[36massets/purify.es-DP5U8-sc.js        [39m[1m[2m   29.17 kB[22m[1m[22m[2m │ gzip:  10.99 kB[22m
[2mdist/[22m[36massets/index.es-K2jY8dmD.js         [39m[1m[2m  151.01 kB[22m[1m[22m[2m │ gzip:  51.65 kB[22m
[2mdist/[22m[36massets/html2canvas.esm-CBrSDip1.js  [39m[1m[2m  201.42 kB[22m[1m[22m[2m │ gzip:  48.03 kB[22m
[2mdist/[22m[36massets/index-CUwMy5cf.js            [39m[1m[33m1,026.24 kB[39m[22m[2m │ gzip: 319.61 kB[22m
[33m
(!) Some chunks are larger than 500 kB after minification. Consider:
- Using dynamic import() to code-split the application
- Use build.rollupOptions.output.manualChunks to improve chunking: https://rollupjs.org/configuration-options/#output-manualchunks
- Adjust chunk size limit for this warning via build.chunkSizeWarningLimit.[39m
[32m✓ built in 8.27s[39m

> halfpast@0.1.0 test
> playwright test


Running 63 tests using 2 workers

  ✓   1 [rules] › tests\unit\arc.spec.ts:28:1 › the box is tall enough for the ends (22ms)
  ✓   3 [rules] › tests\unit\arc.spec.ts:37:1 › with no doses the arc is the waking day (7ms)
  ✓   2 [rules] › tests\unit\arc.spec.ts:19:1 › the stroke, caps included, fills the viewBox and does not leave it (25ms)
  ✓   4 [rules] › tests\unit\arc.spec.ts:41:1 › doses inside the waking day leave it alone (6ms)
  ✓   5 [rules] › tests\unit\arc.spec.ts:45:1 › a dose before waking widens the start rather than stacking on it (11ms)
  ✓   6 [rules] › tests\unit\arc.spec.ts:49:1 › a dose after bedtime widens the end (5ms)
  ✓   7 [rules] › tests\unit\arc.spec.ts:53:1 › the widest dose wins at each end (9ms)
  ✓   8 [rules] › tests\unit\arc.spec.ts:60:1 › a bedtime past midnight ends the day at midnight, not before breakfast (19ms)
  ✓   9 [rules] › tests\unit\arc.spec.ts:66:1 › a bedtime of exactly midnight is the end of the day, not the start (4ms)
  ✓  10 [rules] › tests\unit\arc.spec.ts:70:1 › a dose after a midnight bedtime is the start of the day, as the list has it (4ms)
  ✓  11 [rules] › tests\unit\arc.spec.ts:76:1 › the end is always past the start, whatever the profile says (10ms)
  ✓  12 [rules] › tests\unit\arc.spec.ts:83:1 › an unparseable time cannot take the window with it (4ms)
  ✓  13 [rules] › tests\unit\intake.spec.ts:76:1 › picks the sex-specific row, then the any row, then the adult band (8ms)
  ✓  14 [rules] › tests\unit\intake.spec.ts:85:1 › leaves every nutrient that is not iron alone (9ms)
  ✓  15 [rules] › tests\unit\intake.spec.ts:94:1 › renders both iron figures for a woman under 51 rather than picking one (5ms)
  ✓  16 [rules] › tests\unit\intake.spec.ts:101:1 › renders both figures at 46, which is where the age proxy was wrong (5ms)
  ✓  17 [rules] › tests\unit\intake.spec.ts:107:1 › an unstated age still gets both figures (5ms)
  ✓  19 [rules] › tests\unit\intake.spec.ts:124:1 › an answer of yes gives the single 18 mg figure (4ms)
  ✓  18 [rules] › tests\unit\intake.spec.ts:113:1 › prefer-not-to-say on sex gets both figures rather than no figure at all (5ms)
  ✓  20 [rules] › tests\unit\intake.spec.ts:136:1 › the answer beats the age proxy at 51 and over (3ms)
  ✓  21 [rules] › tests\unit\intake.spec.ts:130:1 › an answer of no gives the single 8 mg figure (5ms)
  ✓  23 [rules] › tests\unit\intake.spec.ts:148:1 › never defaults to 18 for anyone the question was not put to (3ms)
  ✓  22 [rules] › tests\unit\intake.spec.ts:142:1 › unanswered at 51 and over leaves the published figure alone (4ms)
  ✓  25 [rules] › tests\unit\intake.spec.ts:163:1 › does not put the question to 13-18 year olds (4ms)
  ✓  24 [rules] › tests\unit\intake.spec.ts:155:1 › offers the question to women and to unstated sex, at any adult age (5ms)
  ✓  26 [rules] › tests\unit\intake.spec.ts:176:1 › invents no pair when the catalogue has only one of the two rows (3ms)
  ✓  27 [rules] › tests\unit\intake.spec.ts:172:1 › recognises iron by any of its forms, not just the bisglycinate (2ms)
  ✓  29 [rules] › tests\unit\intake.spec.ts:185:1 › says it depends, in the sentence the spec asks for (3ms)
  ✓  28 [rules] › tests\unit\intake.spec.ts:193:1 › drops back to one figure once it has been told (4ms)
  ✓  30 [rules] › tests\unit\intake.spec.ts:199:1 › says nothing where nothing is established (3ms)
  ✓  31 [rules] › tests\unit\intake.spec.ts:205:1 › leaves the upper limit off when there is not one (2ms)
  ✓  32 [rules] › tests\unit\recommend.spec.ts:75:1 › ranks on goal overlap and carries the goal reason when no rule fires (5ms)
  ✓  33 [rules] › tests\unit\recommend.spec.ts:82:1 › never recommends a peptide, whatever the tags say (5ms)
  ✓  34 [rules] › tests\unit\recommend.spec.ts:87:1 › drops what they already take and says so (5ms)
  ✓  36 [rules] › tests\unit\recommend.spec.ts:102:1 › no meat puts B12 first even with no goal match at all (6ms)
  ✓  35 [rules] › tests\unit\recommend.spec.ts:93:1 › an empty answer is the same as no preference (30ms)
  ✓  37 [rules] › tests\unit\recommend.spec.ts:112:1 › no meat raises iron to 1.8× and says why on the card (4ms)
  ✓  38 [rules] › tests\unit\recommend.spec.ts:120:1 › no meat raises zinc (5ms)
  ✓  40 [rules] › tests\unit\recommend.spec.ts:132:1 › no eggs raises choline (3ms)
  ✓  39 [rules] › tests\unit\recommend.spec.ts:126:1 › no dairy raises calcium and vitamin D (27ms)
  ✓  41 [rules] › tests\unit\recommend.spec.ts:138:1 › no fish swaps the fish oil for the algal one rather than warning about it (4ms)
  ✓  42 [rules] › tests\unit\recommend.spec.ts:147:1 › no fish with nothing but fish oil leaves it out and reports it (7ms)
  ✓  43 [rules] › tests\unit\recommend.spec.ts:153:1 › vegan fires every diet rule at once without duplicating a product (11ms)
  ✓  44 [rules] › tests\unit\recommend.spec.ts:166:1 › iron that upset them routes to the bisglycinate (7ms)
  ✓  45 [rules] › tests\unit\recommend.spec.ts:176:1 › a reaction with no alternative keeps the nutrient and says so (5ms)
  ✓  46 [rules] › tests\unit\recommend.spec.ts:184:1 › magnesium that loosened them routes to the glycinate and leaves the threonate alone (5ms)
  ✓  47 [rules] › tests\unit\recommend.spec.ts:196:1 › fish oil that repeats routes to the algal one, with food (4ms)
  ✓  48 [rules] › tests\unit\recommend.spec.ts:205:1 › a louder rule never buries the sentence that explains the figure (4ms)
  ✓  49 [rules] › tests\unit\recommend.spec.ts:217:1 › a louder rule never buries the sentence that explains the with-food chip (4ms)
  ✓  50 [rules] › tests\unit\recommend.spec.ts:225:1 › a card never says the same thing twice (3ms)
  ✓  51 [rules] › tests\unit\recommend.spec.ts:231:1 › niacin flush routes to niacinamide, and the two forms stay distinguishable (4ms)
  ✓  52 [rules] › tests\unit\recommend.spec.ts:238:1 › zinc nausea moves the timing and never removes the zinc (4ms)
  ✓  53 [rules] › tests\unit\recommend.spec.ts:245:1 › capsules being hard to swallow ranks powders and liquids above them (6ms)
  ✓  54 [rules] › tests\unit\recommend.spec.ts:253:1 › the swallowing problem beats a stated preference for capsules (2ms)
  ✓  56 [rules] › tests\unit\recommend.spec.ts:270:1 › a form preference is worth less than a goal match (2ms)
  ✓  55 [rules] › tests\unit\recommend.spec.ts:263:1 › a form preference re-ranks but never drops anything (4ms)
  ✓  57 [rules] › tests\unit\recommend.spec.ts:278:1 › a softgel is a softgel and not a capsule (5ms)
  ✓  59 [iphone-width] › tests\e2e\boot.spec.ts:7:1 › boots to the welcome screen (1.2s)
  ✓  58 [iphone-width] › tests\e2e\discover.spec.ts:9:1 › renders Discover with the catalogue (1.9s)
  ✓  60 [iphone-width] › tests\e2e\discover.spec.ts:36:1 › says the iron figure depends, and takes the answer (2.4s)
  ✓  62 [iphone-width] › tests\e2e\today.spec.ts:9:1 › renders Today with the day materialised (1.3s)
  ✓  63 [iphone-width] › tests\e2e\today.spec.ts:42:3 › the arc on the narrowest phone › fits the screen and spans the doses it was given (1.3s)
  ✓  61 [iphone-width] › tests\e2e\onboarding.spec.ts:9:1 › completes onboarding and lands on the app (17.0s)

  63 passed (28.3s)
