
> halfpast@0.1.0 build
> tsc -b && vite build

[36mvite v5.4.21 [32mbuilding for production...[36m[39m
transforming...
[32m✓[39m 875 modules transformed.
rendering chunks...
computing gzip size...
[2mdist/[22m[32mindex.html                          [39m[1m[2m    0.85 kB[22m[1m[22m[2m │ gzip:   0.42 kB[22m
[2mdist/[22m[35massets/index-BlsPI4Tv.css           [39m[1m[2m   42.05 kB[22m[1m[22m[2m │ gzip:   8.19 kB[22m
[2mdist/[22m[36massets/web-lAAZ8toX.js              [39m[1m[2m    0.36 kB[22m[1m[22m[2m │ gzip:   0.25 kB[22m
[2mdist/[22m[36massets/web-BmPwfnIG.js              [39m[1m[2m    4.59 kB[22m[1m[22m[2m │ gzip:   1.36 kB[22m
[2mdist/[22m[36massets/web-B8eBqiYF.js              [39m[1m[2m    8.73 kB[22m[1m[22m[2m │ gzip:   2.97 kB[22m
[2mdist/[22m[36massets/purify.es-DP5U8-sc.js        [39m[1m[2m   29.17 kB[22m[1m[22m[2m │ gzip:  10.99 kB[22m
[2mdist/[22m[36massets/index.es-R8_bi3z_.js         [39m[1m[2m  151.01 kB[22m[1m[22m[2m │ gzip:  51.65 kB[22m
[2mdist/[22m[36massets/html2canvas.esm-CBrSDip1.js  [39m[1m[2m  201.42 kB[22m[1m[22m[2m │ gzip:  48.03 kB[22m
[2mdist/[22m[36massets/index-CXMDeg0S.js            [39m[1m[33m1,026.29 kB[39m[22m[2m │ gzip: 319.62 kB[22m
[33m
(!) Some chunks are larger than 500 kB after minification. Consider:
- Using dynamic import() to code-split the application
- Use build.rollupOptions.output.manualChunks to improve chunking: https://rollupjs.org/configuration-options/#output-manualchunks
- Adjust chunk size limit for this warning via build.chunkSizeWarningLimit.[39m
[32m✓ built in 8.59s[39m

> halfpast@0.1.0 test
> playwright test


Running 85 tests using 2 workers

  ✓   1 [rules] › tests\unit\arc.spec.ts:19:1 › the stroke, caps included, fills the viewBox and does not leave it (26ms)
  ✓   2 [rules] › tests\unit\arc.spec.ts:28:1 › the box is tall enough for the ends (25ms)
  ✓   4 [rules] › tests\unit\arc.spec.ts:41:1 › doses inside the waking day leave it alone (7ms)
  ✓   3 [rules] › tests\unit\arc.spec.ts:37:1 › with no doses the arc is the waking day (10ms)
  ✓   5 [rules] › tests\unit\arc.spec.ts:45:1 › a dose before waking widens the start rather than stacking on it (7ms)
  ✓   6 [rules] › tests\unit\arc.spec.ts:49:1 › a dose after bedtime widens the end (6ms)
  ✓   7 [rules] › tests\unit\arc.spec.ts:53:1 › the widest dose wins at each end (5ms)
  ✓   8 [rules] › tests\unit\arc.spec.ts:60:1 › a bedtime past midnight ends the day at midnight, not before breakfast (4ms)
  ✓  10 [rules] › tests\unit\arc.spec.ts:70:1 › a dose after a midnight bedtime is the start of the day, as the list has it (4ms)
  ✓   9 [rules] › tests\unit\arc.spec.ts:66:1 › a bedtime of exactly midnight is the end of the day, not the start (6ms)
  ✓  12 [rules] › tests\unit\arc.spec.ts:83:1 › an unparseable time cannot take the window with it (3ms)
  ✓  11 [rules] › tests\unit\arc.spec.ts:76:1 › the end is always past the start, whatever the profile says (7ms)
  ✓  13 [rules] › tests\unit\intake.spec.ts:76:1 › picks the sex-specific row, then the any row, then the adult band (16ms)
  ✓  14 [rules] › tests\unit\intake.spec.ts:85:1 › leaves every nutrient that is not iron alone (8ms)
  ✓  15 [rules] › tests\unit\intake.spec.ts:94:1 › renders both iron figures for a woman under 51 rather than picking one (6ms)
  ✓  16 [rules] › tests\unit\intake.spec.ts:101:1 › renders both figures at 46, which is where the age proxy was wrong (5ms)
  ✓  17 [rules] › tests\unit\intake.spec.ts:107:1 › an unstated age still gets both figures (4ms)
  ✓  18 [rules] › tests\unit\intake.spec.ts:113:1 › prefer-not-to-say on sex gets both figures rather than no figure at all (4ms)
  ✓  19 [rules] › tests\unit\intake.spec.ts:124:1 › an answer of yes gives the single 18 mg figure (5ms)
  ✓  21 [rules] › tests\unit\intake.spec.ts:136:1 › the answer beats the age proxy at 51 and over (4ms)
  ✓  20 [rules] › tests\unit\intake.spec.ts:130:1 › an answer of no gives the single 8 mg figure (9ms)
  ✓  22 [rules] › tests\unit\intake.spec.ts:142:1 › unanswered at 51 and over leaves the published figure alone (5ms)
  ✓  23 [rules] › tests\unit\intake.spec.ts:148:1 › never defaults to 18 for anyone the question was not put to (4ms)
  ✓  24 [rules] › tests\unit\intake.spec.ts:155:1 › offers the question to women and to unstated sex, at any adult age (6ms)
  ✓  25 [rules] › tests\unit\intake.spec.ts:163:1 › does not put the question to 13-18 year olds (4ms)
  ✓  26 [rules] › tests\unit\intake.spec.ts:172:1 › recognises iron by any of its forms, not just the bisglycinate (2ms)
  ✓  27 [rules] › tests\unit\intake.spec.ts:176:1 › invents no pair when the catalogue has only one of the two rows (4ms)
  ✓  28 [rules] › tests\unit\intake.spec.ts:185:1 › says it depends, in the sentence the spec asks for (3ms)
  ✓  29 [rules] › tests\unit\intake.spec.ts:193:1 › drops back to one figure once it has been told (4ms)
  ✓  30 [rules] › tests\unit\intake.spec.ts:199:1 › says nothing where nothing is established (3ms)
  ✓  31 [rules] › tests\unit\intake.spec.ts:205:1 › leaves the upper limit off when there is not one (3ms)
  ✓  32 [rules] › tests\unit\recommend.spec.ts:75:1 › ranks on goal overlap and carries the goal reason when no rule fires (6ms)
  ✓  33 [rules] › tests\unit\recommend.spec.ts:82:1 › never recommends a peptide, whatever the tags say (5ms)
  ✓  34 [rules] › tests\unit\recommend.spec.ts:87:1 › drops what they already take and says so (4ms)
  ✓  36 [rules] › tests\unit\recommend.spec.ts:102:1 › no meat puts B12 first even with no goal match at all (6ms)
  ✓  35 [rules] › tests\unit\recommend.spec.ts:93:1 › an empty answer is the same as no preference (28ms)
  ✓  37 [rules] › tests\unit\recommend.spec.ts:112:1 › no meat raises iron to 1.8× and says why on the card (5ms)
  ✓  38 [rules] › tests\unit\recommend.spec.ts:120:1 › no meat raises zinc (5ms)
  ✓  40 [rules] › tests\unit\recommend.spec.ts:132:1 › no eggs raises choline (3ms)
  ✓  39 [rules] › tests\unit\recommend.spec.ts:126:1 › no dairy raises calcium and vitamin D (28ms)
  ✓  41 [rules] › tests\unit\recommend.spec.ts:138:1 › no fish swaps the fish oil for the algal one rather than warning about it (5ms)
  ✓  42 [rules] › tests\unit\recommend.spec.ts:147:1 › no fish with nothing but fish oil leaves it out and reports it (5ms)
  ✓  43 [rules] › tests\unit\recommend.spec.ts:153:1 › vegan fires every diet rule at once without duplicating a product (10ms)
  ✓  44 [rules] › tests\unit\recommend.spec.ts:166:1 › iron that upset them routes to the bisglycinate (8ms)
  ✓  45 [rules] › tests\unit\recommend.spec.ts:176:1 › a reaction with no alternative keeps the nutrient and says so (5ms)
  ✓  46 [rules] › tests\unit\recommend.spec.ts:184:1 › magnesium that loosened them routes to the glycinate and leaves the threonate alone (8ms)
  ✓  47 [rules] › tests\unit\recommend.spec.ts:196:1 › fish oil that repeats routes to the algal one, with food (5ms)
  ✓  49 [rules] › tests\unit\recommend.spec.ts:217:1 › a louder rule never buries the sentence that explains the with-food chip (5ms)
  ✓  48 [rules] › tests\unit\recommend.spec.ts:205:1 › a louder rule never buries the sentence that explains the figure (6ms)
  ✓  51 [rules] › tests\unit\recommend.spec.ts:231:1 › niacin flush routes to niacinamide, and the two forms stay distinguishable (4ms)
  ✓  50 [rules] › tests\unit\recommend.spec.ts:225:1 › a card never says the same thing twice (4ms)
  ✓  53 [rules] › tests\unit\recommend.spec.ts:245:1 › capsules being hard to swallow ranks powders and liquids above them (5ms)
  ✓  52 [rules] › tests\unit\recommend.spec.ts:238:1 › zinc nausea moves the timing and never removes the zinc (7ms)
  ✓  54 [rules] › tests\unit\recommend.spec.ts:253:1 › the swallowing problem beats a stated preference for capsules (2ms)
  ✓  55 [rules] › tests\unit\recommend.spec.ts:263:1 › a form preference re-ranks but never drops anything (4ms)
  ✓  56 [rules] › tests\unit\recommend.spec.ts:270:1 › a form preference is worth less than a goal match (2ms)
  ✓  57 [rules] › tests\unit\recommend.spec.ts:278:1 › a softgel is a softgel and not a capsule (6ms)
  ✓  59 [iphone-width] › tests\e2e\boot.spec.ts:7:1 › boots to the welcome screen (1.2s)
  ✓  58 [iphone-width] › tests\e2e\discover.spec.ts:9:1 › renders Discover with the catalogue (1.9s)
  ✓  60 [iphone-width] › tests\e2e\discover.spec.ts:36:1 › says the iron figure depends, and takes the answer (2.4s)
  ✓  61 [iphone-width] › tests\e2e\onboarding.spec.ts:9:1 › completes onboarding and lands on the app (16.9s)
1. Vegan, all six goals · 21.8s · 23 screens · 6 recs: Test Brand Vitamin B12 Methylcobalamin, Test Brand Iron Bisglycinate, Test Brand Vitamin D3 2000 IU, Test Brand Magnesium Glycinate 200 mg, Test Brand Vitamin E 400 IU, Test Brand Collagen Peptides Powder
   welcome → auth-choice → auth-form → profile → diet → info-library → info-recs → q1 → q2 → q3 → sleep → meals → current-stack → reactions → forms → goals → notifications → building-recs → recommendations → paywall → building-schedule → schedule → done
  ✓  62 [iphone-width] › tests\e2e\personas.spec.ts:90:1 › 1. vegan, all six goals (22.7s)
2. Vegetarian and dairy-free, two goals · 16.6s · 23 screens · 5 recs: Test Brand Vitamin B12 Methylcobalamin, Test Brand Vitamin D3 2000 IU, Test Brand Iron Bisglycinate, Test Brand Vitamin E 400 IU, Test Brand Collagen Peptides Powder
   welcome → auth-choice → auth-form → profile → diet → info-library → info-recs → q1 → q2 → q3 → sleep → meals → current-stack → reactions → forms → goals → notifications → building-recs → recommendations → paywall → building-schedule → schedule → done
  ✓  63 [iphone-width] › tests\e2e\personas.spec.ts:110:1 › 2. vegetarian and dairy-free, two goals (17.5s)
3. Omnivore, every question skipped · 16.5s · 23 screens · 1 recs: Test Brand Vitamin B12 Methylcobalamin
   welcome → auth-choice → auth-form → profile → diet → info-library → info-recs → q1 → q2 → q3 → sleep → meals → current-stack → reactions → forms → goals → notifications → building-recs → recommendations → paywall → building-schedule → schedule → done
  ✓  64 [iphone-width] › tests\e2e\personas.spec.ts:132:1 › 3. omnivore, every survey question skipped (17.4s)
4. "Never tried" — q3 must not be shown · 16.2s · 22 screens · 1 recs: Test Brand Magnesium Glycinate 200 mg
   welcome → auth-choice → auth-form → profile → diet → info-library → info-recs → q1 → q2 → sleep → meals → current-stack → reactions → forms → goals → notifications → building-recs → recommendations → paywall → building-schedule → schedule → done
  ✓  65 [iphone-width] › tests\e2e\personas.spec.ts:157:1 › 4. "never tried" retires the follow-up question (17.1s)
5. "Never tried", back, then "I always stop" · 17.5s · 24 screens · 1 recs: Test Brand Magnesium Glycinate 200 mg
   welcome → auth-choice → auth-form → profile → diet → info-library → info-recs → q1 → q2 → sleep → q3 → sleep → meals → current-stack → reactions → forms → goals → notifications → building-recs → recommendations → paywall → building-schedule → schedule → done
  ✓  66 [iphone-width] › tests\e2e\personas.spec.ts:184:1 › 5. going back and changing that answer brings the question back (18.4s)
6. No goals selected · 16.0s · 23 screens · 3 recs: Test Brand Iron Bisglycinate, Test Brand Vitamin B12 Methylcobalamin, Test Brand Vitamin D3 2000 IU
   welcome → auth-choice → auth-form → profile → diet → info-library → info-recs → q1 → q2 → q3 → sleep → meals → current-stack → reactions → forms → goals → notifications → building-recs → recommendations → paywall → building-schedule → schedule → done
  ✓  67 [iphone-width] › tests\e2e\personas.spec.ts:226:1 › 6. no goals at all falls back to the defaults (16.8s)
7. All six goals, no diet answer · 21.4s · 23 screens · 6 recs: Test Brand Iron Bisglycinate, Test Brand Magnesium Glycinate 200 mg, Test Brand Vitamin B12 Methylcobalamin, Test Brand Vitamin D3 2000 IU, Test Brand Vitamin E 400 IU, Test Brand Collagen Peptides Powder
   welcome → auth-choice → auth-form → profile → diet → info-library → info-recs → q1 → q2 → q3 → sleep → meals → current-stack → reactions → forms → goals → notifications → building-recs → recommendations → paywall → building-schedule → schedule → done
  ✓  68 [iphone-width] › tests\e2e\personas.spec.ts:256:1 › 7. all six goals (22.2s)
8. Exactly one goal · 16.6s · 23 screens · 1 recs: Test Brand Magnesium Glycinate 200 mg
   welcome → auth-choice → auth-form → profile → diet → info-library → info-recs → q1 → q2 → q3 → sleep → meals → current-stack → reactions → forms → goals → notifications → building-recs → recommendations → paywall → building-schedule → schedule → done
  ✓  69 [iphone-width] › tests\e2e\personas.spec.ts:269:1 › 8. exactly one goal (17.4s)
9. Age 14, male · 16.8s · 23 screens · 2 recs: Test Brand Iron Bisglycinate, Test Brand Vitamin B12 Methylcobalamin
   welcome → auth-choice → auth-form → profile → diet → info-library → info-recs → q1 → q2 → q3 → sleep → meals → current-stack → reactions → forms → goals → notifications → building-recs → recommendations → paywall → building-schedule → schedule → done
  ✓  70 [iphone-width] › tests\e2e\personas.spec.ts:286:1 › 9. age 14 (17.6s)
10. Age 90, female · 17.8s · 23 screens · 2 recs: Test Brand Iron Bisglycinate, Test Brand Vitamin B12 Methylcobalamin
   welcome → auth-choice → auth-form → profile → diet → info-library → info-recs → q1 → q2 → q3 → sleep → meals → current-stack → reactions → forms → goals → notifications → building-recs → recommendations → paywall → building-schedule → schedule → done
  ✓  71 [iphone-width] › tests\e2e\personas.spec.ts:307:1 › 10. age 90 (18.6s)
11. Gender "prefer not to say" · 16.6s · 23 screens · 2 recs: Test Brand Iron Bisglycinate, Test Brand Vitamin B12 Methylcobalamin
   welcome → auth-choice → auth-form → profile → diet → info-library → info-recs → q1 → q2 → q3 → sleep → meals → current-stack → reactions → forms → goals → notifications → building-recs → recommendations → paywall → building-schedule → schedule → done
  ✓  72 [iphone-width] › tests\e2e\personas.spec.ts:326:1 › 11. prefer not to say (17.4s)
12. Female, 48 · 17.0s · 23 screens · 2 recs: Test Brand Iron Bisglycinate, Test Brand Vitamin B12 Methylcobalamin
   welcome → auth-choice → auth-form → profile → diet → info-library → info-recs → q1 → q2 → q3 → sleep → meals → current-stack → reactions → forms → goals → notifications → building-recs → recommendations → paywall → building-schedule → schedule → done
  ✓  73 [iphone-width] › tests\e2e\personas.spec.ts:343:1 › 12. female, 48 (17.9s)
13. Awake 23:00 to 07:00 · 17.7s · 23 screens · 3 recs: Test Brand Magnesium Glycinate 200 mg, Test Brand Iron Bisglycinate, Test Brand Vitamin B12 Methylcobalamin
   welcome → auth-choice → auth-form → profile → diet → info-library → info-recs → q1 → q2 → q3 → sleep → meals → current-stack → reactions → forms → goals → notifications → building-recs → recommendations → paywall → building-schedule → schedule → done
  ✓  74 [iphone-width] › tests\e2e\personas.spec.ts:362:1 › 13. an overnight waking window (18.6s)
14. No meals at all · 17.2s · 23 screens · 1 recs: Test Brand Magnesium Glycinate 200 mg
   welcome → auth-choice → auth-form → profile → diet → info-library → info-recs → q1 → q2 → q3 → sleep → meals → current-stack → reactions → forms → goals → notifications → building-recs → recommendations → paywall → building-schedule → schedule → done
  ✓  75 [iphone-width] › tests\e2e\personas.spec.ts:386:1 › 14. every meal deleted (18.1s)
15. Fifteen items in the current stack · 19.1s · 23 screens · 1 recs: Test Brand Magnesium Glycinate 200 mg
   welcome → auth-choice → auth-form → profile → diet → info-library → info-recs → q1 → q2 → q3 → sleep → meals → current-stack → reactions → forms → goals → notifications → building-recs → recommendations → paywall → building-schedule → schedule → done
  ✓  76 [iphone-width] › tests\e2e\personas.spec.ts:408:1 › 15. fifteen things already in the stack (19.9s)
16. Empty current stack · 16.6s · 23 screens · 1 recs: Test Brand Magnesium Glycinate 200 mg
   welcome → auth-choice → auth-form → profile → diet → info-library → info-recs → q1 → q2 → q3 → sleep → meals → current-stack → reactions → forms → goals → notifications → building-recs → recommendations → paywall → building-schedule → schedule → done
  ✓  77 [iphone-width] › tests\e2e\personas.spec.ts:444:1 › 16. nothing in the stack (17.4s)
17. Every reaction ticked · 18.2s · 23 screens · 3 recs: Test Brand Magnesium Glycinate 200 mg, Test Brand Iron Bisglycinate, Test Brand Vitamin B12 Methylcobalamin
   welcome → auth-choice → auth-form → profile → diet → info-library → info-recs → q1 → q2 → q3 → sleep → meals → current-stack → reactions → forms → goals → notifications → building-recs → recommendations → paywall → building-schedule → schedule → done
  ✓  78 [iphone-width] › tests\e2e\personas.spec.ts:461:1 › 17. every reaction at once (19.0s)
18. The clear-all answer on every optional question · 17.2s · 23 screens · 1 recs: Test Brand Vitamin D3 2000 IU
   welcome → auth-choice → auth-form → profile → diet → info-library → info-recs → q1 → q2 → q3 → sleep → meals → current-stack → reactions → forms → goals → notifications → building-recs → recommendations → paywall → building-schedule → schedule → done
  ✓  79 [iphone-width] › tests\e2e\personas.spec.ts:488:1 › 18. "none of these" and "no preference" everywhere (18.1s)
19. Notifications declined · 16.5s · 23 screens · 1 recs: Test Brand Magnesium Glycinate 200 mg
   welcome → auth-choice → auth-form → profile → diet → info-library → info-recs → q1 → q2 → q3 → sleep → meals → current-stack → reactions → forms → goals → notifications → building-recs → recommendations → paywall → building-schedule → schedule → done
  ✓  80 [iphone-width] › tests\e2e\personas.spec.ts:509:1 › 19. notifications declined (17.3s)
  ✓  82 [iphone-width] › tests\e2e\personas.spec.ts:559:1 › a step index outside the flow clamps instead of blanking (818ms)
  ✓  83 [iphone-width] › tests\e2e\personas.spec.ts:577:1 › a negative step index clamps to the first screen (872ms)
20. Killed at goals, reopened · 18.2s · 23 screens · 1 recs: Test Brand Magnesium Glycinate 200 mg
   welcome → auth-choice → auth-form → profile → diet → info-library → info-recs → q1 → q2 → q3 → sleep → meals → current-stack → reactions → forms → goals → notifications → building-recs → recommendations → paywall → building-schedule → schedule → done
  ✓  81 [iphone-width] › tests\e2e\personas.spec.ts:524:1 › 20. killed at the goals screen and reopened (19.0s)
  ✓  84 [iphone-width] › tests\e2e\today.spec.ts:9:1 › renders Today with the day materialised (1.1s)
  ✓  85 [iphone-width] › tests\e2e\today.spec.ts:42:3 › the arc on the narrowest phone › fits the screen and spans the doses it was given (1.2s)

  85 passed (3.5m)
